---
source: src/tests/window_opening.rs
description: "want fullscreen: AU\nconfig:\nwindow-rule {\n    open-fullscreen false\n    default-window-height { proportion 0.5; }\n}"
expression: snapshot
snapshot_kind: text
---
initial configure:
size: 616 × 336, bounds: 1248 × 688, states: []

post-map configures:
size: 616 × 336, bounds: 1248 × 688, states: []
size: 616 × 336, bounds: 1248 × 688, states: [Activated]
