---
source: src/tests/window_opening.rs
description: "want fullscreen: BN\nconfig:\nwindow-rule {\n    open-fullscreen false\n    default-column-display \"tabbed\"\n}\n\nlayout {\n    tab-indicator {\n        place-within-column\n    }\n}"
expression: snapshot
---
initial configure:
size: 607 × 688, bounds: 1239 × 688, states: []

post-map configures:
size: 607 × 688, bounds: 1239 × 688, states: [Activated]
