---
source: src/tests/window_opening.rs
description: "want fullscreen: AU\nconfig:\nwindow-rule {\n    open-fullscreen true\n    default-column-width {  }\n    default-window-height {  }\n    default-column-display \"tabbed\"\n}\n\nlayout {\n    tab-indicator {\n        place-within-column\n    }\n}"
expression: snapshot
---
initial configure:
size: 1280 × 720, bounds: 1239 × 688, states: [Fullscreen]

post-map configures:
size: 0 × 688, bounds: 1239 × 688, states: []
size: 1 × 688, bounds: 1239 × 688, states: [Activated]
