---
source: src/tests/window_opening.rs
description: "want fullscreen: B2\nset parent: A2\nconfig:\nworkspace \"ws-1\" {\n    open-on-output \"headless-1\"\n}\n\nworkspace \"ws-2\" {\n    open-on-output \"headless-2\"\n}\n\nwindow-rule {\n    exclude title=\"parent\"\n\n    open-on-workspace \"ws-1\"\n}\n\nwindow-rule {\n    match title=\"parent\"\n    open-on-output \"headless-2\"\n}"
expression: snapshot
snapshot_kind: text
---
final monitor: headless-1
final workspace: 0 (ws-1)

initial configure:
size: 1280 × 720, bounds: 1248 × 688, states: [Fullscreen]

post-map configures:
size: 1280 × 720, bounds: 1248 × 688, states: [Fullscreen, Activated]

unfullscreen configure:
size: 0 × 0, bounds: 1280 × 720, states: [Activated]
