---
source: src/tests/window_opening.rs
description: "want fullscreen: AU\nconfig:\nwindow-rule {\n    open-fullscreen false\n    open-floating true\n    default-column-width { fixed 1000; }\n    default-window-height { proportion 0.5; }\n    border { on; }\n    default-column-display \"tabbed\"\n}\n\nlayout {\n    tab-indicator {\n        place-within-column\n    }\n}"
expression: snapshot
---
initial configure:
size: 1000 × 352, bounds: 1272 × 712, states: []

post-map configures:
size: 1000 × 352, bounds: 1272 × 712, states: []
size: 1000 × 352, bounds: 1272 × 712, states: [Activated]
