---
source: src/tests/window_opening.rs
description: "want fullscreen: BU\nconfig:\nwindow-rule {\n    open-floating true\n    default-column-width { proportion 0.25; }\n    default-window-height { proportion 0.5; }\n    border { on; }\n}"
expression: snapshot
snapshot_kind: text
---
initial configure:
size: 312 × 352, bounds: 1272 × 712, states: []

post-map configures:
size: 1 × 1, bounds: 1272 × 712, states: [Activated]
