---
source: src/tests/window_opening.rs
description: "set parent: A1\nconfig:\noutput \"headless-2\" {\n    layout {\n        border {\n            on\n        }\n    }\n}\n\nworkspace \"ws-1\" {\n    open-on-output \"headless-1\"\n}\n\nworkspace \"ws-2\" {\n    open-on-output \"headless-2\"\n\n    layout {\n        border {\n            width 10\n        }\n    }\n}\n\nwindow-rule {\n    exclude title=\"parent\"\n\n    open-on-workspace \"ws-2\"\n    open-on-output \"headless-1\"\n    open-fullscreen true\n}\n\nwindow-rule {\n    match title=\"parent\"\n    open-on-output \"headless-1\"\n}"
expression: snapshot
---
final monitor: headless-2
final workspace: 0 (ws-2)

initial configure:
size: 1920 × 1080, bounds: 1868 × 1028, states: [Fullscreen]

post-map configures:


unfullscreen configure:
size: 0 × 0, bounds: 1900 × 1060, states: []
