---
source: src/tests/window_opening.rs
description: "want fullscreen: A2\nset parent: A1\nconfig:\noutput \"headless-2\" {\n    layout {\n        border {\n            on\n        }\n    }\n}\n\nworkspace \"ws-1\" {\n    open-on-output \"headless-1\"\n}\n\nworkspace \"ws-2\" {\n    open-on-output \"headless-2\"\n\n    layout {\n        border {\n            width 10\n        }\n    }\n}\n\nwindow-rule {\n    exclude title=\"parent\"\n\n    open-on-workspace \"ws-1\"\n}\n\nwindow-rule {\n    match title=\"parent\"\n    open-on-output \"headless-1\"\n}"
expression: snapshot
---
final monitor: headless-1
final workspace: 0 (ws-1)

initial configure:
size: 616 × 688, bounds: 1248 × 688, states: []

post-map configures:
size: 1920 × 1080, bounds: 1868 × 1028, states: [Fullscreen]
size: 1280 × 720, bounds: 1248 × 688, states: [Fullscreen, Activated]

unfullscreen configure:
size: 0 × 0, bounds: 1280 × 720, states: [Activated]
