---
source: src/tests/window_opening.rs
description: "want fullscreen: AU\nconfig:\nwindow-rule {\n    default-window-height {  }\n    border { on; }\n    default-column-display \"tabbed\"\n}\n\nlayout {\n    tab-indicator {\n        place-within-column\n    }\n}"
expression: snapshot
---
initial configure:
size: 599 × 680, bounds: 1231 × 680, states: []

post-map configures:
size: 599 × 680, bounds: 1231 × 680, states: []
size: 599 × 680, bounds: 1231 × 680, states: [Activated]
