---
source: src/tests/window_opening.rs
description: "want fullscreen: BU\nconfig:\nwindow-rule {\n    open-maximized true\n    default-column-width {  }\n    default-window-height { fixed 500; }\n    border { on; }\n    default-column-display \"tabbed\"\n}\n\nlayout {\n    tab-indicator {\n        place-within-column\n    }\n}"
expression: snapshot
---
initial configure:
size: 1231 × 500, bounds: 1231 × 680, states: []

post-map configures:
size: 1231 × 500, bounds: 1231 × 680, states: [Activated]
