---
source: src/tests/window_opening.rs
description: "want fullscreen: AU\nconfig:\nwindow-rule {\n    open-fullscreen true\n    default-column-width { proportion 0.25; }\n    default-window-height { proportion 0.5; }\n    border { on; }\n    default-column-display \"tabbed\"\n}\n\nlayout {\n    tab-indicator {\n        place-within-column\n    }\n}"
expression: snapshot
---
initial configure:
size: 1280 × 720, bounds: 1231 × 680, states: [Fullscreen]

post-map configures:
size: 283 × 328, bounds: 1231 × 680, states: []
size: 283 × 328, bounds: 1231 × 680, states: [Activated]
