---
source: src/tests/window_opening.rs
description: "want fullscreen: AU\nconfig:\nworkspace \"ws-1\" {\n    open-on-output \"headless-1\"\n}\n\nworkspace \"ws-2\" {\n    open-on-output \"headless-2\"\n}\n\nwindow-rule {\n    exclude title=\"parent\"\n\n    open-on-output \"headless-1\"\n    open-fullscreen true\n}"
expression: snapshot
snapshot_kind: text
---
final monitor: headless-1
final workspace: 0 (ws-1)

initial configure:
size: 1280 × 720, bounds: 1248 × 688, states: [Fullscreen]

post-map configures:
size: 616 × 688, bounds: 1248 × 688, states: []
size: 616 × 688, bounds: 1248 × 688, states: [Activated]
